// Jest Snapshot v1, https://goo.gl/fbAQLP

exports[`<Item /> renders and matches the snapshot 1`] = `
<ItemStyles__Item>
  <img
    alt="Nike Air"
    src="shoe.jpg"
  />
  <Title>
    <Link
      href={
        Object {
          "pathname": "/item",
          "query": Object {
            "id": "424242",
          },
        }
      }
    >
      <a>
        Nike Air
      </a>
    </Link>
  </Title>
  <PriceTag>
    $3
  </PriceTag>
  <p>
    This is a really cool item
  </p>
  <div
    className="buttonList"
  >
    <Link
      href={
        Object {
          "pathname": "update",
          "query": Object {
            "id": "424242",
          },
        }
      }
    >
      <a>
        Edit
      </a>
    </Link>
    <AddToCart
      id="424242"
    />
    <DeleteItem
      id="424242"
    >
      Delete This Item
    </DeleteItem>
  </div>
</ItemStyles__Item>
`;
